// Jest Snapshot v1, https://goo.gl/fbAQLP

exports[`allow array of regexp to filter by 1`] = `
Array [
  [ModuleWarning: Module Warning (from ./test/utils/loader.js):
show me],
]
`;

exports[`allow filter warnings that are strings 1`] = `
Array [
  [ModuleWarning: Module Warning (from ./test/utils/loader.js):
show me],
]
`;

exports[`filter warnings by function 1`] = `
Array [
  [ModuleWarning: Module Warning (from ./test/utils/loader.js):
show me],
]
`;

exports[`filter warnings by regexp 1`] = `
Array [
  [ModuleWarning: Module Warning (from ./test/utils/loader.js):
show me],
]
`;
